Case #1: 1
Case #2: 4466
Case #3: 1
Case #4: 1
Case #5: 6166
Case #6: 2
Case #7: 2
Case #8: 1
Case #9: 9609
Case #10: 2
Case #11: 17047
Case #12: 1
Case #13: 17356
Case #14: 2
Case #15: 1
Case #16: 1
Case #17: 1
Case #18: 17249
Case #19: 1
Case #20: 1
Case #21: 6645
Case #22: 1
Case #23: 18447
Case #24: 1
Case #25: 1
Case #26: 1
Case #27: 20117
Case #28: 1
Case #29: 1
Case #30: 2
Case #31: 2
Case #32: 2
Case #33: 1
Case #34: 1
Case #35: 2
Case #36: 2
Case #37: 22028
Case #38: 1
Case #39: 3295
Case #40: 20422
Case #41: 20816
Case #42: 2
Case #43: 2
Case #44: 6927
Case #45: 6286
Case #46: 1
Case #47: 2
Case #48: 1
Case #49: 21757
Case #50: 15048
Case #51: 1
Case #52: 2
Case #53: 1
Case #54: 2
Case #55: 34121
Case #56: 2
Case #57: 726
Case #58: 1
Case #59: 2
Case #60: 2
Case #61: 37914
Case #62: 718
Case #63: 1
Case #64: 2
Case #65: 2
Case #66: 2
Case #67: 1
Case #68: 1
Case #69: 1
Case #70: 2
Case #71: 2
Case #72: 32191
Case #73: 2388
Case #74: 1
Case #75: 1
Case #76: 2
Case #77: 1
Case #78: 1
Case #79: 1
Case #80: 1
Case #81: 2
Case #82: 2
Case #83: 1
Case #84: 1
Case #85: 1
Case #86: 3984
Case #87: 7507
Case #88: 2
Case #89: 2
Case #90: 2
Case #91: 2
Case #92: 1
Case #93: 2
Case #94: 1
Case #95: 1
Case #96: 1
Case #97: 2
Case #98: 1
Case #99: 2
Case #100: 2
Case #101: 1
Case #102: 2
Case #103: 9155
Case #104: 2
Case #105: 12958
Case #106: 8714
Case #107: 9830
Case #108: 1
Case #109: 8817
Case #110: 2
Case #111: 2
Case #112: 1
Case #113: 3889
Case #114: 1
Case #115: 16066
Case #116: 1
Case #117: 15805
Case #118: 1
Case #119: 1
Case #120: 29683
Case #121: 2
Case #122: 1
Case #123: 2
Case #124: 963
Case #125: 1
Case #126: 1
Case #127: 2
Case #128: 19966
Case #129: 1
Case #130: 2
Case #131: 1
Case #132: 1
Case #133: 11408
Case #134: 9319
Case #135: 17562
Case #136: 2
Case #137: 1
Case #138: 7506
Case #139: 2
Case #140: 30786
Case #141: 2
Case #142: 2
Case #143: 1
Case #144: 2
Case #145: 16629
Case #146: 1
Case #147: 9976
Case #148: 2
Case #149: 31127
Case #150: 1
Case #151: 2
Case #152: 2
Case #153: 1
Case #154: 1
Case #155: 1
Case #156: 1
Case #157: 2
Case #158: 1
Case #159: 2
Case #160: 20287
Case #161: 1
Case #162: 1
Case #163: 2
Case #164: 2
Case #165: 2
Case #166: 5981
Case #167: 30758
Case #168: 2
Case #169: 2
Case #170: 7753
Case #171: 25966
Case #172: 21713
Case #173: 4955
Case #174: 1
Case #175: 1
Case #176: 6554
Case #177: 13569
Case #178: 2
Case #179: 2
Case #180: 2
Case #181: 3461
Case #182: 9311
Case #183: 2
Case #184: 2
Case #185: 1683
Case #186: 32596
Case #187: 31062
Case #188: 16164
Case #189: 11649
Case #190: 2
Case #191: 2
Case #192: 1
Case #193: 2
Case #194: 16408
Case #195: 44
Case #196: 29804
Case #197: 1
Case #198: 2
Case #199: 16037
Case #200: 10423
Case #201: 25371
Case #202: 1
Case #203: 2
Case #204: 2
Case #205: 2
Case #206: 1
Case #207: 19537
Case #208: 3991
Case #209: 1
Case #210: 1
Case #211: 2
Case #212: 1
Case #213: 4154
Case #214: 33111
Case #215: 2
Case #216: 2
Case #217: 2
Case #218: 1
Case #219: 9234
Case #220: 2
Case #221: 472
Case #222: 1
Case #223: 2
Case #224: 2
Case #225: 2
Case #226: 1
Case #227: 4504
Case #228: 1
Case #229: 1
Case #230: 4727
Case #231: 17842
Case #232: 1
Case #233: 7234
Case #234: 1
Case #235: 2
Case #236: 6544
Case #237: 1
Case #238: 2
Case #239: 22622
Case #240: 1
Case #241: 2
Case #242: 4145
Case #243: 1
Case #244: 14210
Case #245: 1
Case #246: 2
Case #247: 661
Case #248: 28564
Case #249: 1325
Case #250: 2
Case #251: 1
Case #252: 1
Case #253: 23519
Case #254: 2
Case #255: 9106
Case #256: 1
Case #257: 2
Case #258: 2
Case #259: 1
Case #260: 37465
Case #261: 2
Case #262: 2
Case #263: 2
Case #264: 2
Case #265: 1
Case #266: 17179
Case #267: 4064
Case #268: 1
Case #269: 1
Case #270: 9110
Case #271: 2
Case #272: 1
Case #273: 36592
Case #274: 2
Case #275: 1099
Case #276: 1
Case #277: 2
Case #278: 3399
Case #279: 11736
Case #280: 3609
Case #281: 1
Case #282: 1
Case #283: 2
Case #284: 2
Case #285: 11906
Case #286: 1
Case #287: 2
Case #288: 2
Case #289: 1
Case #290: 1
Case #291: 1
Case #292: 2
Case #293: 2
Case #294: 1964
Case #295: 9913
Case #296: 2
Case #297: 1
Case #298: 2
Case #299: 1
Case #300: 2
Case #301: 1
Case #302: 4743
Case #303: 13863
Case #304: 26963
Case #305: 2
Case #306: 1880
Case #307: 2
Case #308: 1
Case #309: 24978
Case #310: 12668
Case #311: 15755
Case #312: 1
Case #313: 2
Case #314: 1
Case #315: 2
Case #316: 19146
Case #317: 1
Case #318: 1
Case #319: 2
Case #320: 1
Case #321: 2
Case #322: 1
Case #323: 1
Case #324: 22360
Case #325: 1
Case #326: 2
Case #327: 1
Case #328: 1
Case #329: 2
Case #330: 1
Case #331: 8087
Case #332: 1
Case #333: 1
Case #334: 2
Case #335: 2
Case #336: 2
Case #337: 26663
Case #338: 22235
Case #339: 16077
Case #340: 2
Case #341: 1
Case #342: 24283
Case #343: 2
Case #344: 2
Case #345: 1
Case #346: 1
Case #347: 32791
Case #348: 2
Case #349: 1
Case #350: 2
Case #351: 1
Case #352: 5581
Case #353: 2625
Case #354: 1
Case #355: 2
Case #356: 2
Case #357: 6511
Case #358: 2
Case #359: 2
Case #360: 4407
Case #361: 2
Case #362: 1059
Case #363: 1
Case #364: 127
Case #365: 11945
Case #366: 5454
Case #367: 12211
Case #368: 2
Case #369: 2
Case #370: 19203
Case #371: 26085
Case #372: 1
Case #373: 28004
Case #374: 13699
Case #375: 1
Case #376: 720
Case #377: 1
Case #378: 4513
Case #379: 28437
Case #380: 10774
Case #381: 1
Case #382: 8610
Case #383: 1
Case #384: 8918
Case #385: 2
Case #386: 3685
Case #387: 1
Case #388: 2
Case #389: 1
Case #390: 1
Case #391: 2
Case #392: 2
Case #393: 1636
Case #394: 1
Case #395: 2
Case #396: 10834
Case #397: 1
Case #398: 9785
Case #399: 1
Case #400: 28452
Case #401: 1
Case #402: 2
Case #403: 3171
Case #404: 2
Case #405: 1467
Case #406: 1
Case #407: 5931
Case #408: 11033
Case #409: 2071
Case #410: 2
Case #411: 1
Case #412: 1
Case #413: 1
Case #414: 1
Case #415: 17984
Case #416: 2
Case #417: 1
Case #418: 1
Case #419: 20369
Case #420: 9965
Case #421: 21455
Case #422: 18037
Case #423: 2
Case #424: 1
Case #425: 8196
Case #426: 20692
Case #427: 1919
Case #428: 1
Case #429: 2
Case #430: 17396
Case #431: 1
Case #432: 2742
Case #433: 39656
Case #434: 7298
Case #435: 1
Case #436: 2
Case #437: 2
Case #438: 2
Case #439: 1
Case #440: 1
Case #441: 2803
Case #442: 16192
Case #443: 7268
Case #444: 2
Case #445: 1
Case #446: 2
Case #447: 1
Case #448: 2
Case #449: 2
Case #450: 461
Case #451: 1
Case #452: 1
Case #453: 1
Case #454: 1
Case #455: 2
Case #456: 16305
Case #457: 2
Case #458: 15878
Case #459: 1
Case #460: 1
Case #461: 8760
Case #462: 1
Case #463: 1
Case #464: 1
Case #465: 2
Case #466: 12310
Case #467: 2
Case #468: 2
Case #469: 1
Case #470: 2
Case #471: 2
Case #472: 1
Case #473: 1
Case #474: 1
Case #475: 381
Case #476: 2
Case #477: 1
Case #478: 1
Case #479: 4137
Case #480: 1
Case #481: 1
Case #482: 27268
Case #483: 1
Case #484: 25503
Case #485: 2
Case #486: 24333
Case #487: 2
Case #488: 1
Case #489: 2
Case #490: 22871
Case #491: 1
Case #492: 1
Case #493: 3258
Case #494: 2
Case #495: 2
Case #496: 2
Case #497: 2
Case #498: 5631
Case #499: 5569
Case #500: 4248
Case #501: 3577
Case #502: 1
Case #503: 18247
Case #504: 2
Case #505: 1
Case #506: 2
Case #507: 2
Case #508: 1
Case #509: 2
Case #510: 1
Case #511: 2
Case #512: 2
Case #513: 22218
Case #514: 4749
Case #515: 1
Case #516: 2
Case #517: 2
Case #518: 2
Case #519: 1
Case #520: 4891
Case #521: 8502
Case #522: 1
Case #523: 34223
Case #524: 2
Case #525: 11784
Case #526: 2
Case #527: 2
Case #528: 1
Case #529: 15390
Case #530: 20383
Case #531: 16145
Case #532: 8189
Case #533: 1
Case #534: 1
Case #535: 10153
Case #536: 1
Case #537: 5520
Case #538: 2
Case #539: 2
Case #540: 1
Case #541: 2
Case #542: 23633
Case #543: 2
Case #544: 33922
Case #545: 1
Case #546: 41551
Case #547: 876
Case #548: 1
Case #549: 21326
Case #550: 6399
Case #551: 1
Case #552: 32607
Case #553: 1
Case #554: 1
Case #555: 2
Case #556: 6815
Case #557: 2364
Case #558: 34067
Case #559: 1
Case #560: 24
Case #561: 1
Case #562: 1
Case #563: 20910
Case #564: 18358
Case #565: 1
Case #566: 2
Case #567: 2
Case #568: 1
Case #569: 1
Case #570: 1
Case #571: 2
Case #572: 1
Case #573: 38569
Case #574: 1
Case #575: 2
Case #576: 9728
Case #577: 37837
Case #578: 1
Case #579: 1
Case #580: 2
Case #581: 17846
Case #582: 19457
Case #583: 1
Case #584: 1
Case #585: 22504
Case #586: 1
Case #587: 17550
Case #588: 2
Case #589: 1
Case #590: 1
Case #591: 2
Case #592: 2
Case #593: 28294
Case #594: 1
Case #595: 2
Case #596: 1
Case #597: 15331
Case #598: 2
Case #599: 1
Case #600: 425
Case #601: 3257
Case #602: 2
Case #603: 2
Case #604: 1
Case #605: 369
Case #606: 28955
Case #607: 2
Case #608: 1
Case #609: 2
Case #610: 2
Case #611: 2
Case #612: 2
Case #613: 3557
Case #614: 1
Case #615: 276
Case #616: 11293
Case #617: 1
Case #618: 93
Case #619: 1
Case #620: 1
Case #621: 1
Case #622: 2
Case #623: 1
Case #624: 3173
Case #625: 1
Case #626: 1
Case #627: 1
Case #628: 2
Case #629: 2
Case #630: 305
Case #631: 2
Case #632: 1
Case #633: 1
Case #634: 15060
Case #635: 27739
Case #636: 2
Case #637: 2
Case #638: 1
Case #639: 2
Case #640: 1
Case #641: 2
Case #642: 2
Case #643: 17757
Case #644: 2
Case #645: 1
Case #646: 25021
Case #647: 7069
Case #648: 1967
Case #649: 10040
Case #650: 1
Case #651: 30065
Case #652: 6537
Case #653: 7290
Case #654: 7759
Case #655: 22150
Case #656: 1
Case #657: 666
Case #658: 2
Case #659: 26988
Case #660: 2
Case #661: 22188
Case #662: 8220
Case #663: 2
Case #664: 2
Case #665: 2
Case #666: 1
Case #667: 2
Case #668: 2
Case #669: 2
Case #670: 2
Case #671: 2
Case #672: 1
Case #673: 1
Case #674: 15856
Case #675: 956
Case #676: 23318
Case #677: 2
Case #678: 1
Case #679: 2
Case #680: 7528
Case #681: 2
Case #682: 2
Case #683: 29925
Case #684: 1
Case #685: 29117
Case #686: 21144
Case #687: 1
Case #688: 2
Case #689: 6613
Case #690: 3016
Case #691: 1
Case #692: 2
Case #693: 22290
Case #694: 1
Case #695: 1
Case #696: 1
Case #697: 2
Case #698: 25129
Case #699: 2
Case #700: 10951
Case #701: 2
Case #702: 1
Case #703: 2
Case #704: 1
Case #705: 12702
Case #706: 2
Case #707: 23659
Case #708: 1
Case #709: 1
Case #710: 2
Case #711: 4219
Case #712: 25619
Case #713: 8547
Case #714: 1
Case #715: 2
Case #716: 2
Case #717: 2
Case #718: 1
Case #719: 28023
Case #720: 1
Case #721: 1
Case #722: 22055
Case #723: 2
Case #724: 15602
Case #725: 6837
Case #726: 2
Case #727: 2
Case #728: 1
Case #729: 2
Case #730: 1
Case #731: 1
Case #732: 25698
Case #733: 1
Case #734: 20037
Case #735: 2
Case #736: 4475
Case #737: 3584
Case #738: 1711
Case #739: 30728
Case #740: 2717
Case #741: 2
Case #742: 1
Case #743: 6100
Case #744: 2
Case #745: 10588
Case #746: 1
Case #747: 2
Case #748: 36804
Case #749: 1
Case #750: 1
Case #751: 21670
Case #752: 1
Case #753: 2
Case #754: 1
Case #755: 2
Case #756: 2
Case #757: 2
Case #758: 81
Case #759: 1
Case #760: 27450
Case #761: 2
Case #762: 12751
Case #763: 7581
Case #764: 1
Case #765: 2
Case #766: 1
Case #767: 1
Case #768: 11944
Case #769: 2
Case #770: 2
Case #771: 4878
Case #772: 12130
Case #773: 2
Case #774: 2
Case #775: 2
Case #776: 21802
Case #777: 2
Case #778: 8081
Case #779: 1
Case #780: 4794
Case #781: 6810
Case #782: 5778
Case #783: 1
Case #784: 1
Case #785: 1
Case #786: 2
Case #787: 1
Case #788: 1
Case #789: 4245
Case #790: 1
Case #791: 10708
Case #792: 1
Case #793: 19616
Case #794: 1
Case #795: 1
Case #796: 25985
Case #797: 28145
Case #798: 2
Case #799: 1
Case #800: 1
Case #801: 2
Case #802: 16528
Case #803: 1
Case #804: 2
Case #805: 2
Case #806: 2
Case #807: 2
Case #808: 13063
Case #809: 2
Case #810: 1
Case #811: 1
Case #812: 35956
Case #813: 1
Case #814: 19475
Case #815: 1
Case #816: 1
Case #817: 2
Case #818: 2
Case #819: 10408
Case #820: 2
Case #821: 2
Case #822: 2
Case #823: 8038
Case #824: 1
Case #825: 1
Case #826: 27650
Case #827: 1
Case #828: 7242
Case #829: 2
Case #830: 6167
Case #831: 2
Case #832: 2
Case #833: 1
Case #834: 3924
Case #835: 2
Case #836: 2
Case #837: 25309
Case #838: 2
Case #839: 2
Case #840: 1
Case #841: 26905
Case #842: 1
Case #843: 1
Case #844: 1
Case #845: 2
Case #846: 2
Case #847: 2
Case #848: 2
Case #849: 2553
Case #850: 1
Case #851: 1
Case #852: 2
Case #853: 2
Case #854: 4422
Case #855: 2
Case #856: 34566
Case #857: 1
Case #858: 7647
Case #859: 2
Case #860: 1
Case #861: 19409
Case #862: 2
Case #863: 1
Case #864: 1
Case #865: 745
Case #866: 1
Case #867: 5256
Case #868: 11227
Case #869: 26870
Case #870: 2
Case #871: 26822
Case #872: 1
Case #873: 24324
Case #874: 2
Case #875: 2
Case #876: 2
Case #877: 11231
Case #878: 2
Case #879: 21415
Case #880: 11267
Case #881: 1
Case #882: 2
Case #883: 9140
Case #884: 2
Case #885: 1
Case #886: 1
Case #887: 2
Case #888: 6126
Case #889: 1
Case #890: 1
Case #891: 2
Case #892: 1
Case #893: 1
Case #894: 1
Case #895: 30222
Case #896: 1
Case #897: 2
Case #898: 1
Case #899: 1
Case #900: 2
Case #901: 2
Case #902: 2628
Case #903: 2
Case #904: 1
Case #905: 2
Case #906: 12331
Case #907: 1
Case #908: 1
Case #909: 1
Case #910: 2
Case #911: 1
Case #912: 1
Case #913: 2
Case #914: 1
Case #915: 24092
Case #916: 2
Case #917: 1259
Case #918: 489
Case #919: 2
Case #920: 1
Case #921: 5603
Case #922: 2
Case #923: 2
Case #924: 9109
Case #925: 16039
Case #926: 1
Case #927: 2
Case #928: 1
Case #929: 15697
Case #930: 1
Case #931: 0
Case #932: 1
Case #933: 2
Case #934: 1
Case #935: 1
Case #936: 9588
Case #937: 1
Case #938: 1
Case #939: 1
Case #940: 2
Case #941: 1
Case #942: 2
Case #943: 17801
Case #944: 1162
Case #945: 2
Case #946: 2
Case #947: 1
Case #948: 2
Case #949: 2
Case #950: 2
Case #951: 2
Case #952: 2
Case #953: 20728
Case #954: 1
Case #955: 1
Case #956: 8377
Case #957: 1
Case #958: 8413
Case #959: 2
Case #960: 2
Case #961: 1
Case #962: 1
Case #963: 1
Case #964: 1
Case #965: 2478
Case #966: 1
Case #967: 27497
Case #968: 2
Case #969: 14734
Case #970: 9197
Case #971: 2
Case #972: 1
Case #973: 1
Case #974: 10576
Case #975: 8672
Case #976: 2
Case #977: 1
Case #978: 2
Case #979: 1
Case #980: 2
Case #981: 1
Case #982: 9094
Case #983: 2
Case #984: 9690
Case #985: 2
Case #986: 14936
Case #987: 3469
Case #988: 1
Case #989: 32983
Case #990: 1
Case #991: 2
Case #992: 2
Case #993: 8117
Case #994: 27967
Case #995: 2
Case #996: 2408
Case #997: 19417
Case #998: 2
Case #999: 1
Case #1000: 4136
