Case #1: 0
Case #2: 0
Case #3: 0
Case #4: 1
Case #5: 1
Case #6: 3
Case #7: 7
Case #8: 5
Case #9: 2
Case #10: 5
Case #11: 10
Case #12: 10
Case #13: 2
Case #14: 1
Case #15: 1
Case #16: 1
Case #17: 1
Case #18: 0
Case #19: 1
Case #20: 1
Case #21: 1
Case #22: 6
Case #23: 1
Case #24: 0
Case #25: 3
Case #26: 1
Case #27: 1
Case #28: 7
Case #29: 4
Case #30: 0
Case #31: 1
Case #32: 0
Case #33: 2
Case #34: 1
Case #35: 1
Case #36: 2
Case #37: 3
Case #38: 2
Case #39: 8
Case #40: 1
Case #41: 2
Case #42: 7
Case #43: 7
Case #44: 2
Case #45: 7
Case #46: 1
Case #47: 5
Case #48: 0
Case #49: 1
Case #50: 2
Case #51: 2
Case #52: 3
Case #53: 1
Case #54: 2
Case #55: 1
Case #56: 5
Case #57: 2
Case #58: 3
Case #59: 2
Case #60: 9
Case #61: 0
Case #62: 1
Case #63: 2
Case #64: 2
Case #65: 1
Case #66: 7
Case #67: 3
Case #68: 0
Case #69: 6
Case #70: 1
Case #71: 1
Case #72: 1
Case #73: 1
Case #74: 2
Case #75: 0
Case #76: 1
Case #77: 1
Case #78: 1
Case #79: 1
Case #80: 2
Case #81: 3
Case #82: 0
Case #83: 2
Case #84: 2
Case #85: 3
Case #86: 4
Case #87: 3
Case #88: 1
Case #89: 1
Case #90: 1
Case #91: 1
Case #92: 1
Case #93: 0
Case #94: 2
Case #95: 0
Case #96: 3
Case #97: 9
Case #98: 1
Case #99: 1
Case #100: 0
